[debug] [2025-10-21T05:55:46.123Z] : 
[debug] [2025-10-21T05:55:46.126Z] : ----------------------------------------------------------------------
[debug] [2025-10-21T05:55:46.126Z] : Command:      C:\Program Files\nodejs\node.exe C:\Users\jinit\AppData\Roaming\npm\node_modules\zcatalyst-cli\lib\bin\catalyst.js deploy --only functions
[debug] [2025-10-21T05:55:46.127Z] : CLI Version:  1.20.2
[debug] [2025-10-21T05:55:46.127Z] : Platform:     win32
[debug] [2025-10-21T05:55:46.127Z] : Node Version: v22.19.0
[debug] [2025-10-21T05:55:46.128Z] : Time:         Tue Oct 21 2025 11:25:46 GMT+0530 (India Standard Time)
[debug] [2025-10-21T05:55:46.128Z] : ----------------------------------------------------------------------
[debug] [2025-10-21T05:55:46.128Z] : 
[debug] [2025-10-21T05:55:46.621Z] : > authorizing via signed-in user option
[debug] [2025-10-21T05:55:46.622Z] : > command requires scopes: ["ZohoCatalyst.projects.ALL","ZohoCatalyst.functions.ALL","ZohoCatalyst.webapp.ALL","ZohoCatalyst.appsail.Update"]
[debug] [2025-10-21T05:55:46.641Z] : >>>> HTTP REQUEST : GET https://api.catalyst.zoho.com/baas/v1/project/28341000000013001 

[debug] [2025-10-21T05:55:49.879Z] : <<<< HTTP RESPONSE : 200
Response Headers: {"server":"ZGS","date":"Tue, 21 Oct 2025 05:55:52 GMT","content-type":"application/vnd.catalyst.v2+json","transfer-encoding":"chunked","connection":"keep-alive","x-content-type-options":"nosniff","cache-control":"private,no-cache,no-store,max-age=0,must-revalidate","pragma":"no-cache","expires":"Thu, 01 Jan 1970 00:00:00 GMT","x-frame-options":"DENY","strict-transport-security":"max-age=64072000; includeSubDomains; preload"}

[debug] [2025-10-21T05:55:49.885Z] : >>>> HTTP REQUEST : GET https://api.catalyst.zoho.com/baas/v1/project/28341000000013001/environment 

[debug] [2025-10-21T05:55:50.256Z] : <<<< HTTP RESPONSE : 200
Response Headers: {"server":"ZGS","date":"Tue, 21 Oct 2025 05:55:53 GMT","content-type":"application/vnd.catalyst.v2+json","transfer-encoding":"chunked","connection":"keep-alive","x-content-type-options":"nosniff","cache-control":"private,no-cache,no-store,max-age=0,must-revalidate","pragma":"no-cache","expires":"Thu, 01 Jan 1970 00:00:00 GMT","x-frame-options":"DENY","strict-transport-security":"max-age=64072000; includeSubDomains; preload"}

[debug] [2025-10-21T05:55:50.276Z] : >>>> HTTP REQUEST : GET https://api.catalyst.zoho.com/baas/v1/project/28341000000013001/function 
Query params: {"type":"basicio,event,cron,applogic,integration,browser_logic,job"}

[debug] [2025-10-21T05:55:50.648Z] : <<<< HTTP RESPONSE : 200
Response Headers: {"server":"ZGS","date":"Tue, 21 Oct 2025 05:55:53 GMT","content-type":"application/vnd.catalyst.v2+json","transfer-encoding":"chunked","connection":"keep-alive","x-content-type-options":"nosniff","cache-control":"private,no-cache,no-store,max-age=0,must-revalidate","pragma":"no-cache","expires":"Thu, 01 Jan 1970 00:00:00 GMT","x-frame-options":"DENY","strict-transport-security":"max-age=64072000; includeSubDomains; preload"}

[debug] [2025-10-21T05:55:50.958Z] : unknown eol undefined hence skipping check
[debug] [2025-10-21T05:55:50.959Z] : unknown eol undefined hence skipping check
[debug] [2025-10-21T05:55:50.959Z] : unknown eol undefined hence skipping check
[debug] [2025-10-21T05:55:50.959Z] : unknown eol undefined hence skipping check
[debug] [2025-10-21T05:55:50.960Z] : unknown eol undefined hence skipping check
[debug] [2025-10-21T05:55:50.960Z] : unknown eol undefined hence skipping check
[debug] [2025-10-21T05:55:50.960Z] : unknown eol undefined hence skipping check
[debug] [2025-10-21T05:55:50.960Z] : unknown eol undefined hence skipping check
[debug] [2025-10-21T05:55:50.961Z] : unknown eol undefined hence skipping check
[debug] [2025-10-21T05:55:50.961Z] : unknown eol undefined hence skipping check
[debug] [2025-10-21T05:55:50.961Z] : unknown eol undefined hence skipping check
[debug] [2025-10-21T05:55:50.961Z] : unknown eol undefined hence skipping check
[debug] [2025-10-21T05:55:50.962Z] : unknown eol undefined hence skipping check
[debug] [2025-10-21T05:55:50.962Z] : unknown eol undefined hence skipping check
[debug] [2025-10-21T05:55:50.962Z] : unknown eol undefined hence skipping check
[debug] [2025-10-21T05:55:50.962Z] : unknown eol undefined hence skipping check
[debug] [2025-10-21T05:55:50.962Z] : unknown eol undefined hence skipping check
[debug] [2025-10-21T05:55:50.962Z] : unknown eol undefined hence skipping check
[debug] [2025-10-21T05:55:50.963Z] : unknown eol undefined hence skipping check
[debug] [2025-10-21T05:55:50.963Z] : unknown eol undefined hence skipping check
[debug] [2025-10-21T05:55:50.963Z] : unknown eol undefined hence skipping check
[debug] [2025-10-21T05:55:50.971Z] : unknown eol undefined hence skipping check
[debug] [2025-10-21T05:55:50.971Z] : unknown eol undefined hence skipping check
[debug] [2025-10-21T05:55:50.971Z] : unknown eol undefined hence skipping check
[debug] [2025-10-21T05:55:50.971Z] : unknown eol undefined hence skipping check
[debug] [2025-10-21T05:55:50.972Z] : unknown eol undefined hence skipping check
[error] [2025-10-21T05:58:32.044Z] : uncaughtException: EMFILE: too many open files, open 'C:\Users\jinit\AppData\Local\Temp\.catalyst\unique_function.zip'
Error: EMFILE: too many open files, open 'C:\Users\jinit\AppData\Local\Temp\.catalyst\unique_function.zip'
[error] [2025-10-21T05:58:32.069Z] : × An unexpected error has occurred.
[debug] [2025-10-21T05:58:32.070Z] : Error Stack: CatalystError: An unexpected error has occurred.
    at exports.default (C:\Users\jinit\AppData\Roaming\npm\node_modules\zcatalyst-cli\lib\errorOut.js:19:17)
    at process.<anonymous> (C:\Users\jinit\AppData\Roaming\npm\node_modules\zcatalyst-cli\lib\bin\catalyst.js:87:28)
    at process.emit (node:events:531:35)
    at process._fatalException (node:internal/process/execution:155:25)
[debug] [2025-10-21T05:58:32.070Z] : Original Error: Error: EMFILE: too many open files, open 'C:\Users\jinit\AppData\Local\Temp\.catalyst\unique_function.zip'
[debug] [2025-10-21T05:58:32.070Z] : Error Status: 500
[info] [2025-10-21T05:58:32.070Z] : Kindly contact Catalyst support [support@zohocatalyst.com] if you need any further assistance
[error] [2025-10-21T05:58:32.073Z] : uncaughtException: EPIPE: broken pipe, write
Error: EPIPE: broken pipe, write
    at Socket._write (node:internal/net:63:18)
    at writeOrBuffer (node:internal/streams/writable:572:12)
    at _write (node:internal/streams/writable:501:10)
    at Writable.write (node:internal/streams/writable:510:10)
    at Console.log (C:\Users\jinit\AppData\Roaming\npm\node_modules\zcatalyst-cli\node_modules\winston\lib\winston\transports\console.js:87:23)
    at Console._write (C:\Users\jinit\AppData\Roaming\npm\node_modules\zcatalyst-cli\node_modules\winston-transport\modern.js:103:17)
    at doWrite (C:\Users\jinit\AppData\Roaming\npm\node_modules\zcatalyst-cli\node_modules\winston-transport\node_modules\readable-stream\lib\_stream_writable.js:390:139)
    at writeOrBuffer (C:\Users\jinit\AppData\Roaming\npm\node_modules\zcatalyst-cli\node_modules\winston-transport\node_modules\readable-stream\lib\_stream_writable.js:381:5)
    at Writable.write (C:\Users\jinit\AppData\Roaming\npm\node_modules\zcatalyst-cli\node_modules\winston-transport\node_modules\readable-stream\lib\_stream_writable.js:302:11)
    at DerivedLogger.ondata (C:\Users\jinit\AppData\Roaming\npm\node_modules\zcatalyst-cli\node_modules\winston\node_modules\readable-stream\lib\_stream_readable.js:629:20)
[error] [2025-10-21T05:58:32.074Z] : × An unexpected error has occurred.
[debug] [2025-10-21T05:58:32.074Z] : Error Stack: CatalystError: An unexpected error has occurred.
    at exports.default (C:\Users\jinit\AppData\Roaming\npm\node_modules\zcatalyst-cli\lib\errorOut.js:19:17)
    at process.<anonymous> (C:\Users\jinit\AppData\Roaming\npm\node_modules\zcatalyst-cli\lib\bin\catalyst.js:87:28)
    at process.emit (node:events:531:35)
    at process._fatalException (node:internal/process/execution:155:25)
[debug] [2025-10-21T05:58:32.074Z] : Original Error: Error: EPIPE: broken pipe, write
    at Socket._write (node:internal/net:63:18)
    at writeOrBuffer (node:internal/streams/writable:572:12)
    at _write (node:internal/streams/writable:501:10)
    at Writable.write (node:internal/streams/writable:510:10)
    at Console.log (C:\Users\jinit\AppData\Roaming\npm\node_modules\zcatalyst-cli\node_modules\winston\lib\winston\transports\console.js:87:23)
    at Console._write (C:\Users\jinit\AppData\Roaming\npm\node_modules\zcatalyst-cli\node_modules\winston-transport\modern.js:103:17)
    at doWrite (C:\Users\jinit\AppData\Roaming\npm\node_modules\zcatalyst-cli\node_modules\winston-transport\node_modules\readable-stream\lib\_stream_writable.js:390:139)
    at writeOrBuffer (C:\Users\jinit\AppData\Roaming\npm\node_modules\zcatalyst-cli\node_modules\winston-transport\node_modules\readable-stream\lib\_stream_writable.js:381:5)
    at Writable.write (C:\Users\jinit\AppData\Roaming\npm\node_modules\zcatalyst-cli\node_modules\winston-transport\node_modules\readable-stream\lib\_stream_writable.js:302:11)
    at DerivedLogger.ondata (C:\Users\jinit\AppData\Roaming\npm\node_modules\zcatalyst-cli\node_modules\winston\node_modules\readable-stream\lib\_stream_readable.js:629:20)
[debug] [2025-10-21T05:58:32.074Z] : Error Status: 500
[info] [2025-10-21T05:58:32.074Z] : Kindly contact Catalyst support [support@zohocatalyst.com] if you need any further assistance
[error] [2025-10-21T05:58:32.076Z] : uncaughtException: EPIPE: broken pipe, write
Error: EPIPE: broken pipe, write
    at Socket._write (node:internal/net:63:18)
    at writeOrBuffer (node:internal/streams/writable:572:12)
    at _write (node:internal/streams/writable:501:10)
    at Writable.write (node:internal/streams/writable:510:10)
    at Console.log (C:\Users\jinit\AppData\Roaming\npm\node_modules\zcatalyst-cli\node_modules\winston\lib\winston\transports\console.js:87:23)
    at Console._write (C:\Users\jinit\AppData\Roaming\npm\node_modules\zcatalyst-cli\node_modules\winston-transport\modern.js:103:17)
    at doWrite (C:\Users\jinit\AppData\Roaming\npm\node_modules\zcatalyst-cli\node_modules\winston-transport\node_modules\readable-stream\lib\_stream_writable.js:390:139)
    at writeOrBuffer (C:\Users\jinit\AppData\Roaming\npm\node_modules\zcatalyst-cli\node_modules\winston-transport\node_modules\readable-stream\lib\_stream_writable.js:381:5)
    at Writable.write (C:\Users\jinit\AppData\Roaming\npm\node_modules\zcatalyst-cli\node_modules\winston-transport\node_modules\readable-stream\lib\_stream_writable.js:302:11)
    at DerivedLogger.ondata (C:\Users\jinit\AppData\Roaming\npm\node_modules\zcatalyst-cli\node_modules\winston\node_modules\readable-stream\lib\_stream_readable.js:629:20)
[error] [2025-10-21T05:58:32.076Z] : × An unexpected error has occurred.
[debug] [2025-10-21T05:58:32.077Z] : Error Stack: CatalystError: An unexpected error has occurred.
    at exports.default (C:\Users\jinit\AppData\Roaming\npm\node_modules\zcatalyst-cli\lib\errorOut.js:19:17)
    at process.<anonymous> (C:\Users\jinit\AppData\Roaming\npm\node_modules\zcatalyst-cli\lib\bin\catalyst.js:87:28)
    at process.emit (node:events:531:35)
    at process._fatalException (node:internal/process/execution:155:25)
[debug] [2025-10-21T05:58:32.077Z] : Original Error: Error: EPIPE: broken pipe, write
    at Socket._write (node:internal/net:63:18)
    at writeOrBuffer (node:internal/streams/writable:572:12)
    at _write (node:internal/streams/writable:501:10)
    at Writable.write (node:internal/streams/writable:510:10)
    at Console.log (C:\Users\jinit\AppData\Roaming\npm\node_modules\zcatalyst-cli\node_modules\winston\lib\winston\transports\console.js:87:23)
    at Console._write (C:\Users\jinit\AppData\Roaming\npm\node_modules\zcatalyst-cli\node_modules\winston-transport\modern.js:103:17)
    at doWrite (C:\Users\jinit\AppData\Roaming\npm\node_modules\zcatalyst-cli\node_modules\winston-transport\node_modules\readable-stream\lib\_stream_writable.js:390:139)
    at writeOrBuffer (C:\Users\jinit\AppData\Roaming\npm\node_modules\zcatalyst-cli\node_modules\winston-transport\node_modules\readable-stream\lib\_stream_writable.js:381:5)
    at Writable.write (C:\Users\jinit\AppData\Roaming\npm\node_modules\zcatalyst-cli\node_modules\winston-transport\node_modules\readable-stream\lib\_stream_writable.js:302:11)
    at DerivedLogger.ondata (C:\Users\jinit\AppData\Roaming\npm\node_modules\zcatalyst-cli\node_modules\winston\node_modules\readable-stream\lib\_stream_readable.js:629:20)
[debug] [2025-10-21T05:58:32.077Z] : Error Status: 500
[info] [2025-10-21T05:58:32.077Z] : Kindly contact Catalyst support [support@zohocatalyst.com] if you need any further assistance
[error] [2025-10-21T05:58:32.077Z] : uncaughtException: EPIPE: broken pipe, write
Error: EPIPE: broken pipe, write
    at Socket._write (node:internal/net:63:18)
    at writeOrBuffer (node:internal/streams/writable:572:12)
    at _write (node:internal/streams/writable:501:10)
    at Writable.write (node:internal/streams/writable:510:10)
    at Console.log (C:\Users\jinit\AppData\Roaming\npm\node_modules\zcatalyst-cli\node_modules\winston\lib\winston\transports\console.js:87:23)
    at Console._write (C:\Users\jinit\AppData\Roaming\npm\node_modules\zcatalyst-cli\node_modules\winston-transport\modern.js:103:17)
    at doWrite (C:\Users\jinit\AppData\Roaming\npm\node_modules\zcatalyst-cli\node_modules\winston-transport\node_modules\readable-stream\lib\_stream_writable.js:390:139)
    at writeOrBuffer (C:\Users\jinit\AppData\Roaming\npm\node_modules\zcatalyst-cli\node_modules\winston-transport\node_modules\readable-stream\lib\_stream_writable.js:381:5)
    at Writable.write (C:\Users\jinit\AppData\Roaming\npm\node_modules\zcatalyst-cli\node_modules\winston-transport\node_modules\readable-stream\lib\_stream_writable.js:302:11)
    at DerivedLogger.ondata (C:\Users\jinit\AppData\Roaming\npm\node_modules\zcatalyst-cli\node_modules\winston\node_modules\readable-stream\lib\_stream_readable.js:629:20)
[error] [2025-10-21T05:58:32.078Z] : × An unexpected error has occurred.
[debug] [2025-10-21T05:58:32.078Z] : Error Stack: CatalystError: An unexpected error has occurred.
    at exports.default (C:\Users\jinit\AppData\Roaming\npm\node_modules\zcatalyst-cli\lib\errorOut.js:19:17)
    at process.<anonymous> (C:\Users\jinit\AppData\Roaming\npm\node_modules\zcatalyst-cli\lib\bin\catalyst.js:87:28)
    at process.emit (node:events:531:35)
    at process._fatalException (node:internal/process/execution:155:25)
[debug] [2025-10-21T05:58:32.078Z] : Original Error: Error: EPIPE: broken pipe, write
    at Socket._write (node:internal/net:63:18)
    at writeOrBuffer (node:internal/streams/writable:572:12)
    at _write (node:internal/streams/writable:501:10)
    at Writable.write (node:internal/streams/writable:510:10)
    at Console.log (C:\Users\jinit\AppData\Roaming\npm\node_modules\zcatalyst-cli\node_modules\winston\lib\winston\transports\console.js:87:23)
    at Console._write (C:\Users\jinit\AppData\Roaming\npm\node_modules\zcatalyst-cli\node_modules\winston-transport\modern.js:103:17)
    at doWrite (C:\Users\jinit\AppData\Roaming\npm\node_modules\zcatalyst-cli\node_modules\winston-transport\node_modules\readable-stream\lib\_stream_writable.js:390:139)
    at writeOrBuffer (C:\Users\jinit\AppData\Roaming\npm\node_modules\zcatalyst-cli\node_modules\winston-transport\node_modules\readable-stream\lib\_stream_writable.js:381:5)
    at Writable.write (C:\Users\jinit\AppData\Roaming\npm\node_modules\zcatalyst-cli\node_modules\winston-transport\node_modules\readable-stream\lib\_stream_writable.js:302:11)
    at DerivedLogger.ondata (C:\Users\jinit\AppData\Roaming\npm\node_modules\zcatalyst-cli\node_modules\winston\node_modules\readable-stream\lib\_stream_readable.js:629:20)
[debug] [2025-10-21T05:58:32.078Z] : Error Status: 500
[info] [2025-10-21T05:58:32.078Z] : Kindly contact Catalyst support [support@zohocatalyst.com] if you need any further assistance
[error] [2025-10-21T05:58:32.079Z] : uncaughtException: EPIPE: broken pipe, write
Error: EPIPE: broken pipe, write
    at Socket._write (node:internal/net:63:18)
    at writeOrBuffer (node:internal/streams/writable:572:12)
    at _write (node:internal/streams/writable:501:10)
    at Writable.write (node:internal/streams/writable:510:10)
    at Console.log (C:\Users\jinit\AppData\Roaming\npm\node_modules\zcatalyst-cli\node_modules\winston\lib\winston\transports\console.js:87:23)
    at Console._write (C:\Users\jinit\AppData\Roaming\npm\node_modules\zcatalyst-cli\node_modules\winston-transport\modern.js:103:17)
    at doWrite (C:\Users\jinit\AppData\Roaming\npm\node_modules\zcatalyst-cli\node_modules\winston-transport\node_modules\readable-stream\lib\_stream_writable.js:390:139)
    at writeOrBuffer (C:\Users\jinit\AppData\Roaming\npm\node_modules\zcatalyst-cli\node_modules\winston-transport\node_modules\readable-stream\lib\_stream_writable.js:381:5)
    at Writable.write (C:\Users\jinit\AppData\Roaming\npm\node_modules\zcatalyst-cli\node_modules\winston-transport\node_modules\readable-stream\lib\_stream_writable.js:302:11)
    at DerivedLogger.ondata (C:\Users\jinit\AppData\Roaming\npm\node_modules\zcatalyst-cli\node_modules\winston\node_modules\readable-stream\lib\_stream_readable.js:629:20)
[error] [2025-10-21T05:58:32.079Z] : × An unexpected error has occurred.
[debug] [2025-10-21T05:58:32.079Z] : Error Stack: CatalystError: An unexpected error has occurred.
    at exports.default (C:\Users\jinit\AppData\Roaming\npm\node_modules\zcatalyst-cli\lib\errorOut.js:19:17)
    at process.<anonymous> (C:\Users\jinit\AppData\Roaming\npm\node_modules\zcatalyst-cli\lib\bin\catalyst.js:87:28)
    at process.emit (node:events:531:35)
    at process._fatalException (node:internal/process/execution:155:25)
[debug] [2025-10-21T05:58:32.080Z] : Original Error: Error: EPIPE: broken pipe, write
    at Socket._write (node:internal/net:63:18)
    at writeOrBuffer (node:internal/streams/writable:572:12)
    at _write (node:internal/streams/writable:501:10)
    at Writable.write (node:internal/streams/writable:510:10)
    at Console.log (C:\Users\jinit\AppData\Roaming\npm\node_modules\zcatalyst-cli\node_modules\winston\lib\winston\transports\console.js:87:23)
    at Console._write (C:\Users\jinit\AppData\Roaming\npm\node_modules\zcatalyst-cli\node_modules\winston-transport\modern.js:103:17)
    at doWrite (C:\Users\jinit\AppData\Roaming\npm\node_modules\zcatalyst-cli\node_modules\winston-transport\node_modules\readable-stream\lib\_stream_writable.js:390:139)
    at writeOrBuffer (C:\Users\jinit\AppData\Roaming\npm\node_modules\zcatalyst-cli\node_modules\winston-transport\node_modules\readable-stream\lib\_stream_writable.js:381:5)
    at Writable.write (C:\Users\jinit\AppData\Roaming\npm\node_modules\zcatalyst-cli\node_modules\winston-transport\node_modules\readable-stream\lib\_stream_writable.js:302:11)
    at DerivedLogger.ondata (C:\Users\jinit\AppData\Roaming\npm\node_modules\zcatalyst-cli\node_modules\winston\node_modules\readable-stream\lib\_stream_readable.js:629:20)
[debug] [2025-10-21T05:58:32.080Z] : Error Status: 500
[info] [2025-10-21T05:58:32.080Z] : Kindly contact Catalyst support [support@zohocatalyst.com] if you need any further assistance
[error] [2025-10-21T05:58:32.081Z] : uncaughtException: EPIPE: broken pipe, write
Error: EPIPE: broken pipe, write
    at Socket._write (node:internal/net:63:18)
    at writeOrBuffer (node:internal/streams/writable:572:12)
    at _write (node:internal/streams/writable:501:10)
    at Writable.write (node:internal/streams/writable:510:10)
    at Console.log (C:\Users\jinit\AppData\Roaming\npm\node_modules\zcatalyst-cli\node_modules\winston\lib\winston\transports\console.js:87:23)
    at Console._write (C:\Users\jinit\AppData\Roaming\npm\node_modules\zcatalyst-cli\node_modules\winston-transport\modern.js:103:17)
    at doWrite (C:\Users\jinit\AppData\Roaming\npm\node_modules\zcatalyst-cli\node_modules\winston-transport\node_modules\readable-stream\lib\_stream_writable.js:390:139)
    at writeOrBuffer (C:\Users\jinit\AppData\Roaming\npm\node_modules\zcatalyst-cli\node_modules\winston-transport\node_modules\readable-stream\lib\_stream_writable.js:381:5)
    at Writable.write (C:\Users\jinit\AppData\Roaming\npm\node_modules\zcatalyst-cli\node_modules\winston-transport\node_modules\readable-stream\lib\_stream_writable.js:302:11)
    at DerivedLogger.ondata (C:\Users\jinit\AppData\Roaming\npm\node_modules\zcatalyst-cli\node_modules\winston\node_modules\readable-stream\lib\_stream_readable.js:629:20)
[error] [2025-10-21T05:58:32.083Z] : × An unexpected error has occurred.
[debug] [2025-10-21T05:58:32.083Z] : Error Stack: CatalystError: An unexpected error has occurred.
    at exports.default (C:\Users\jinit\AppData\Roaming\npm\node_modules\zcatalyst-cli\lib\errorOut.js:19:17)
    at process.<anonymous> (C:\Users\jinit\AppData\Roaming\npm\node_modules\zcatalyst-cli\lib\bin\catalyst.js:87:28)
    at process.emit (node:events:531:35)
    at process._fatalException (node:internal/process/execution:155:25)
[debug] [2025-10-21T05:58:32.083Z] : Original Error: Error: EPIPE: broken pipe, write
    at Socket._write (node:internal/net:63:18)
    at writeOrBuffer (node:internal/streams/writable:572:12)
    at _write (node:internal/streams/writable:501:10)
    at Writable.write (node:internal/streams/writable:510:10)
    at Console.log (C:\Users\jinit\AppData\Roaming\npm\node_modules\zcatalyst-cli\node_modules\winston\lib\winston\transports\console.js:87:23)
    at Console._write (C:\Users\jinit\AppData\Roaming\npm\node_modules\zcatalyst-cli\node_modules\winston-transport\modern.js:103:17)
    at doWrite (C:\Users\jinit\AppData\Roaming\npm\node_modules\zcatalyst-cli\node_modules\winston-transport\node_modules\readable-stream\lib\_stream_writable.js:390:139)
    at writeOrBuffer (C:\Users\jinit\AppData\Roaming\npm\node_modules\zcatalyst-cli\node_modules\winston-transport\node_modules\readable-stream\lib\_stream_writable.js:381:5)
    at Writable.write (C:\Users\jinit\AppData\Roaming\npm\node_modules\zcatalyst-cli\node_modules\winston-transport\node_modules\readable-stream\lib\_stream_writable.js:302:11)
    at DerivedLogger.ondata (C:\Users\jinit\AppData\Roaming\npm\node_modules\zcatalyst-cli\node_modules\winston\node_modules\readable-stream\lib\_stream_readable.js:629:20)
[debug] [2025-10-21T05:58:32.083Z] : Error Status: 500
[info] [2025-10-21T05:58:32.083Z] : Kindly contact Catalyst support [support@zohocatalyst.com] if you need any further assistance
[debug] [2025-10-22T07:57:47.579Z] : 
[debug] [2025-10-22T07:57:47.581Z] : ----------------------------------------------------------------------
[debug] [2025-10-22T07:57:47.581Z] : Command:      C:\Program Files\nodejs\node.exe C:\Users\jinit\AppData\Roaming\npm\node_modules\zcatalyst-cli\lib\bin\catalyst.js deploy
[debug] [2025-10-22T07:57:47.581Z] : CLI Version:  1.20.2
[debug] [2025-10-22T07:57:47.582Z] : Platform:     win32
[debug] [2025-10-22T07:57:47.582Z] : Node Version: v22.19.0
[debug] [2025-10-22T07:57:47.582Z] : Time:         Wed Oct 22 2025 13:27:47 GMT+0530 (India Standard Time)
[debug] [2025-10-22T07:57:47.582Z] : ----------------------------------------------------------------------
[debug] [2025-10-22T07:57:47.582Z] : 
[debug] [2025-10-22T07:57:47.883Z] : > authorizing via signed-in user option
[debug] [2025-10-22T07:57:47.884Z] : > command requires scopes: ["ZohoCatalyst.projects.ALL","ZohoCatalyst.functions.ALL","ZohoCatalyst.webapp.ALL","ZohoCatalyst.appsail.Update"]
[debug] [2025-10-22T07:57:47.896Z] : >>>> HTTP REQUEST : GET https://api.catalyst.zoho.com/baas/v1/project/28341000000013001 

[debug] [2025-10-22T07:57:49.046Z] : <<<< HTTP RESPONSE : 200
Response Headers: {"server":"ZGS","date":"Wed, 22 Oct 2025 07:57:52 GMT","content-type":"application/vnd.catalyst.v2+json","transfer-encoding":"chunked","connection":"keep-alive","x-content-type-options":"nosniff","cache-control":"private,no-cache,no-store,max-age=0,must-revalidate","pragma":"no-cache","expires":"Thu, 01 Jan 1970 00:00:00 GMT","x-frame-options":"DENY","strict-transport-security":"max-age=64072000; includeSubDomains; preload"}

[debug] [2025-10-22T07:57:49.049Z] : >>>> HTTP REQUEST : GET https://api.catalyst.zoho.com/baas/v1/project/28341000000013001/environment 

[debug] [2025-10-22T07:57:49.386Z] : <<<< HTTP RESPONSE : 200
Response Headers: {"server":"ZGS","date":"Wed, 22 Oct 2025 07:57:52 GMT","content-type":"application/vnd.catalyst.v2+json","transfer-encoding":"chunked","connection":"keep-alive","x-content-type-options":"nosniff","cache-control":"private,no-cache,no-store,max-age=0,must-revalidate","pragma":"no-cache","expires":"Thu, 01 Jan 1970 00:00:00 GMT","x-frame-options":"DENY","strict-transport-security":"max-age=64072000; includeSubDomains; preload"}

[debug] [2025-10-22T07:57:49.395Z] : >>>> HTTP REQUEST : GET https://api.catalyst.zoho.com/baas/v1/project/28341000000013001/function 
Query params: {"type":"basicio,event,cron,applogic,integration,browser_logic,job"}

[debug] [2025-10-22T07:57:49.849Z] : <<<< HTTP RESPONSE : 200
Response Headers: {"server":"ZGS","date":"Wed, 22 Oct 2025 07:57:52 GMT","content-type":"application/vnd.catalyst.v2+json","transfer-encoding":"chunked","connection":"keep-alive","x-content-type-options":"nosniff","cache-control":"private,no-cache,no-store,max-age=0,must-revalidate","pragma":"no-cache","expires":"Thu, 01 Jan 1970 00:00:00 GMT","x-frame-options":"DENY","strict-transport-security":"max-age=64072000; includeSubDomains; preload"}

[debug] [2025-10-22T07:57:50.147Z] : unknown eol undefined hence skipping check
[debug] [2025-10-22T07:57:50.147Z] : unknown eol undefined hence skipping check
[debug] [2025-10-22T07:57:50.148Z] : unknown eol undefined hence skipping check
[debug] [2025-10-22T07:57:50.148Z] : unknown eol undefined hence skipping check
[debug] [2025-10-22T07:57:50.148Z] : unknown eol undefined hence skipping check
[debug] [2025-10-22T07:57:50.148Z] : unknown eol undefined hence skipping check
[debug] [2025-10-22T07:57:50.148Z] : unknown eol undefined hence skipping check
[debug] [2025-10-22T07:57:50.148Z] : unknown eol undefined hence skipping check
[debug] [2025-10-22T07:57:50.149Z] : unknown eol undefined hence skipping check
[debug] [2025-10-22T07:57:50.149Z] : unknown eol undefined hence skipping check
[debug] [2025-10-22T07:57:50.149Z] : unknown eol undefined hence skipping check
[debug] [2025-10-22T07:57:50.149Z] : unknown eol undefined hence skipping check
[debug] [2025-10-22T07:57:50.149Z] : unknown eol undefined hence skipping check
[debug] [2025-10-22T07:57:50.149Z] : unknown eol undefined hence skipping check
[debug] [2025-10-22T07:57:50.149Z] : unknown eol undefined hence skipping check
[debug] [2025-10-22T07:57:50.150Z] : unknown eol undefined hence skipping check
[debug] [2025-10-22T07:57:50.150Z] : unknown eol undefined hence skipping check
[debug] [2025-10-22T07:57:50.150Z] : unknown eol undefined hence skipping check
[debug] [2025-10-22T07:57:50.150Z] : unknown eol undefined hence skipping check
[debug] [2025-10-22T07:57:50.150Z] : unknown eol undefined hence skipping check
[debug] [2025-10-22T07:57:50.150Z] : unknown eol undefined hence skipping check
[debug] [2025-10-22T07:57:50.150Z] : unknown eol undefined hence skipping check
[debug] [2025-10-22T07:57:50.150Z] : unknown eol undefined hence skipping check
[debug] [2025-10-22T07:57:50.150Z] : unknown eol undefined hence skipping check
[debug] [2025-10-22T07:57:50.151Z] : unknown eol undefined hence skipping check
[debug] [2025-10-22T07:57:50.151Z] : unknown eol undefined hence skipping check
[debug] [2025-10-22T07:57:50.151Z] : unknown eol undefined hence skipping check
[error] [2025-10-22T08:00:05.117Z] : uncaughtException: EMFILE: too many open files, open 'C:\Users\jinit\AppData\Local\Temp\.catalyst\regulations_function.zip'
Error: EMFILE: too many open files, open 'C:\Users\jinit\AppData\Local\Temp\.catalyst\regulations_function.zip'
[error] [2025-10-22T08:00:05.119Z] : × An unexpected error has occurred.
[debug] [2025-10-22T08:00:05.120Z] : Error Stack: CatalystError: An unexpected error has occurred.
    at exports.default (C:\Users\jinit\AppData\Roaming\npm\node_modules\zcatalyst-cli\lib\errorOut.js:19:17)
    at process.<anonymous> (C:\Users\jinit\AppData\Roaming\npm\node_modules\zcatalyst-cli\lib\bin\catalyst.js:87:28)
    at process.emit (node:events:531:35)
    at process._fatalException (node:internal/process/execution:155:25)
[debug] [2025-10-22T08:00:05.120Z] : Original Error: Error: EMFILE: too many open files, open 'C:\Users\jinit\AppData\Local\Temp\.catalyst\regulations_function.zip'
[debug] [2025-10-22T08:00:05.120Z] : Error Status: 500
[info] [2025-10-22T08:00:05.120Z] : Kindly contact Catalyst support [support@zohocatalyst.com] if you need any further assistance
[error] [2025-10-22T08:00:05.122Z] : uncaughtException: EPIPE: broken pipe, write
Error: EPIPE: broken pipe, write
    at Socket._write (node:internal/net:63:18)
    at writeOrBuffer (node:internal/streams/writable:572:12)
    at _write (node:internal/streams/writable:501:10)
    at Writable.write (node:internal/streams/writable:510:10)
    at Console.log (C:\Users\jinit\AppData\Roaming\npm\node_modules\zcatalyst-cli\node_modules\winston\lib\winston\transports\console.js:87:23)
    at Console._write (C:\Users\jinit\AppData\Roaming\npm\node_modules\zcatalyst-cli\node_modules\winston-transport\modern.js:103:17)
    at doWrite (C:\Users\jinit\AppData\Roaming\npm\node_modules\zcatalyst-cli\node_modules\winston-transport\node_modules\readable-stream\lib\_stream_writable.js:390:139)
    at writeOrBuffer (C:\Users\jinit\AppData\Roaming\npm\node_modules\zcatalyst-cli\node_modules\winston-transport\node_modules\readable-stream\lib\_stream_writable.js:381:5)
    at Writable.write (C:\Users\jinit\AppData\Roaming\npm\node_modules\zcatalyst-cli\node_modules\winston-transport\node_modules\readable-stream\lib\_stream_writable.js:302:11)
    at DerivedLogger.ondata (C:\Users\jinit\AppData\Roaming\npm\node_modules\zcatalyst-cli\node_modules\winston\node_modules\readable-stream\lib\_stream_readable.js:629:20)
[error] [2025-10-22T08:00:05.122Z] : × An unexpected error has occurred.
[debug] [2025-10-22T08:00:05.122Z] : Error Stack: CatalystError: An unexpected error has occurred.
    at exports.default (C:\Users\jinit\AppData\Roaming\npm\node_modules\zcatalyst-cli\lib\errorOut.js:19:17)
    at process.<anonymous> (C:\Users\jinit\AppData\Roaming\npm\node_modules\zcatalyst-cli\lib\bin\catalyst.js:87:28)
    at process.emit (node:events:531:35)
    at process._fatalException (node:internal/process/execution:155:25)
[debug] [2025-10-22T08:00:05.122Z] : Original Error: Error: EPIPE: broken pipe, write
    at Socket._write (node:internal/net:63:18)
    at writeOrBuffer (node:internal/streams/writable:572:12)
    at _write (node:internal/streams/writable:501:10)
    at Writable.write (node:internal/streams/writable:510:10)
    at Console.log (C:\Users\jinit\AppData\Roaming\npm\node_modules\zcatalyst-cli\node_modules\winston\lib\winston\transports\console.js:87:23)
    at Console._write (C:\Users\jinit\AppData\Roaming\npm\node_modules\zcatalyst-cli\node_modules\winston-transport\modern.js:103:17)
    at doWrite (C:\Users\jinit\AppData\Roaming\npm\node_modules\zcatalyst-cli\node_modules\winston-transport\node_modules\readable-stream\lib\_stream_writable.js:390:139)
    at writeOrBuffer (C:\Users\jinit\AppData\Roaming\npm\node_modules\zcatalyst-cli\node_modules\winston-transport\node_modules\readable-stream\lib\_stream_writable.js:381:5)
    at Writable.write (C:\Users\jinit\AppData\Roaming\npm\node_modules\zcatalyst-cli\node_modules\winston-transport\node_modules\readable-stream\lib\_stream_writable.js:302:11)
    at DerivedLogger.ondata (C:\Users\jinit\AppData\Roaming\npm\node_modules\zcatalyst-cli\node_modules\winston\node_modules\readable-stream\lib\_stream_readable.js:629:20)
[debug] [2025-10-22T08:00:05.122Z] : Error Status: 500
[info] [2025-10-22T08:00:05.123Z] : Kindly contact Catalyst support [support@zohocatalyst.com] if you need any further assistance
[error] [2025-10-22T08:00:05.123Z] : uncaughtException: EPIPE: broken pipe, write
Error: EPIPE: broken pipe, write
    at Socket._write (node:internal/net:63:18)
    at writeOrBuffer (node:internal/streams/writable:572:12)
    at _write (node:internal/streams/writable:501:10)
    at Writable.write (node:internal/streams/writable:510:10)
    at Console.log (C:\Users\jinit\AppData\Roaming\npm\node_modules\zcatalyst-cli\node_modules\winston\lib\winston\transports\console.js:87:23)
    at Console._write (C:\Users\jinit\AppData\Roaming\npm\node_modules\zcatalyst-cli\node_modules\winston-transport\modern.js:103:17)
    at doWrite (C:\Users\jinit\AppData\Roaming\npm\node_modules\zcatalyst-cli\node_modules\winston-transport\node_modules\readable-stream\lib\_stream_writable.js:390:139)
    at writeOrBuffer (C:\Users\jinit\AppData\Roaming\npm\node_modules\zcatalyst-cli\node_modules\winston-transport\node_modules\readable-stream\lib\_stream_writable.js:381:5)
    at Writable.write (C:\Users\jinit\AppData\Roaming\npm\node_modules\zcatalyst-cli\node_modules\winston-transport\node_modules\readable-stream\lib\_stream_writable.js:302:11)
    at DerivedLogger.ondata (C:\Users\jinit\AppData\Roaming\npm\node_modules\zcatalyst-cli\node_modules\winston\node_modules\readable-stream\lib\_stream_readable.js:629:20)
[error] [2025-10-22T08:00:05.123Z] : × An unexpected error has occurred.
[debug] [2025-10-22T08:00:05.124Z] : Error Stack: CatalystError: An unexpected error has occurred.
    at exports.default (C:\Users\jinit\AppData\Roaming\npm\node_modules\zcatalyst-cli\lib\errorOut.js:19:17)
    at process.<anonymous> (C:\Users\jinit\AppData\Roaming\npm\node_modules\zcatalyst-cli\lib\bin\catalyst.js:87:28)
    at process.emit (node:events:531:35)
    at process._fatalException (node:internal/process/execution:155:25)
[debug] [2025-10-22T08:00:05.124Z] : Original Error: Error: EPIPE: broken pipe, write
    at Socket._write (node:internal/net:63:18)
    at writeOrBuffer (node:internal/streams/writable:572:12)
    at _write (node:internal/streams/writable:501:10)
    at Writable.write (node:internal/streams/writable:510:10)
    at Console.log (C:\Users\jinit\AppData\Roaming\npm\node_modules\zcatalyst-cli\node_modules\winston\lib\winston\transports\console.js:87:23)
    at Console._write (C:\Users\jinit\AppData\Roaming\npm\node_modules\zcatalyst-cli\node_modules\winston-transport\modern.js:103:17)
    at doWrite (C:\Users\jinit\AppData\Roaming\npm\node_modules\zcatalyst-cli\node_modules\winston-transport\node_modules\readable-stream\lib\_stream_writable.js:390:139)
    at writeOrBuffer (C:\Users\jinit\AppData\Roaming\npm\node_modules\zcatalyst-cli\node_modules\winston-transport\node_modules\readable-stream\lib\_stream_writable.js:381:5)
    at Writable.write (C:\Users\jinit\AppData\Roaming\npm\node_modules\zcatalyst-cli\node_modules\winston-transport\node_modules\readable-stream\lib\_stream_writable.js:302:11)
    at DerivedLogger.ondata (C:\Users\jinit\AppData\Roaming\npm\node_modules\zcatalyst-cli\node_modules\winston\node_modules\readable-stream\lib\_stream_readable.js:629:20)
[debug] [2025-10-22T08:00:05.124Z] : Error Status: 500
[info] [2025-10-22T08:00:05.124Z] : Kindly contact Catalyst support [support@zohocatalyst.com] if you need any further assistance
[error] [2025-10-22T08:00:05.124Z] : uncaughtException: EPIPE: broken pipe, write
Error: EPIPE: broken pipe, write
    at Socket._write (node:internal/net:63:18)
    at writeOrBuffer (node:internal/streams/writable:572:12)
    at _write (node:internal/streams/writable:501:10)
    at Writable.write (node:internal/streams/writable:510:10)
    at Console.log (C:\Users\jinit\AppData\Roaming\npm\node_modules\zcatalyst-cli\node_modules\winston\lib\winston\transports\console.js:87:23)
    at Console._write (C:\Users\jinit\AppData\Roaming\npm\node_modules\zcatalyst-cli\node_modules\winston-transport\modern.js:103:17)
    at doWrite (C:\Users\jinit\AppData\Roaming\npm\node_modules\zcatalyst-cli\node_modules\winston-transport\node_modules\readable-stream\lib\_stream_writable.js:390:139)
    at writeOrBuffer (C:\Users\jinit\AppData\Roaming\npm\node_modules\zcatalyst-cli\node_modules\winston-transport\node_modules\readable-stream\lib\_stream_writable.js:381:5)
    at Writable.write (C:\Users\jinit\AppData\Roaming\npm\node_modules\zcatalyst-cli\node_modules\winston-transport\node_modules\readable-stream\lib\_stream_writable.js:302:11)
    at DerivedLogger.ondata (C:\Users\jinit\AppData\Roaming\npm\node_modules\zcatalyst-cli\node_modules\winston\node_modules\readable-stream\lib\_stream_readable.js:629:20)
[error] [2025-10-22T08:00:05.125Z] : × An unexpected error has occurred.
[debug] [2025-10-22T08:00:05.125Z] : Error Stack: CatalystError: An unexpected error has occurred.
    at exports.default (C:\Users\jinit\AppData\Roaming\npm\node_modules\zcatalyst-cli\lib\errorOut.js:19:17)
    at process.<anonymous> (C:\Users\jinit\AppData\Roaming\npm\node_modules\zcatalyst-cli\lib\bin\catalyst.js:87:28)
    at process.emit (node:events:531:35)
    at process._fatalException (node:internal/process/execution:155:25)
[debug] [2025-10-22T08:00:05.125Z] : Original Error: Error: EPIPE: broken pipe, write
    at Socket._write (node:internal/net:63:18)
    at writeOrBuffer (node:internal/streams/writable:572:12)
    at _write (node:internal/streams/writable:501:10)
    at Writable.write (node:internal/streams/writable:510:10)
    at Console.log (C:\Users\jinit\AppData\Roaming\npm\node_modules\zcatalyst-cli\node_modules\winston\lib\winston\transports\console.js:87:23)
    at Console._write (C:\Users\jinit\AppData\Roaming\npm\node_modules\zcatalyst-cli\node_modules\winston-transport\modern.js:103:17)
    at doWrite (C:\Users\jinit\AppData\Roaming\npm\node_modules\zcatalyst-cli\node_modules\winston-transport\node_modules\readable-stream\lib\_stream_writable.js:390:139)
    at writeOrBuffer (C:\Users\jinit\AppData\Roaming\npm\node_modules\zcatalyst-cli\node_modules\winston-transport\node_modules\readable-stream\lib\_stream_writable.js:381:5)
    at Writable.write (C:\Users\jinit\AppData\Roaming\npm\node_modules\zcatalyst-cli\node_modules\winston-transport\node_modules\readable-stream\lib\_stream_writable.js:302:11)
    at DerivedLogger.ondata (C:\Users\jinit\AppData\Roaming\npm\node_modules\zcatalyst-cli\node_modules\winston\node_modules\readable-stream\lib\_stream_readable.js:629:20)
[debug] [2025-10-22T08:00:05.125Z] : Error Status: 500
[info] [2025-10-22T08:00:05.125Z] : Kindly contact Catalyst support [support@zohocatalyst.com] if you need any further assistance
[error] [2025-10-22T08:00:05.126Z] : uncaughtException: EPIPE: broken pipe, write
Error: EPIPE: broken pipe, write
    at Socket._write (node:internal/net:63:18)
    at writeOrBuffer (node:internal/streams/writable:572:12)
    at _write (node:internal/streams/writable:501:10)
    at Writable.write (node:internal/streams/writable:510:10)
    at Console.log (C:\Users\jinit\AppData\Roaming\npm\node_modules\zcatalyst-cli\node_modules\winston\lib\winston\transports\console.js:87:23)
    at Console._write (C:\Users\jinit\AppData\Roaming\npm\node_modules\zcatalyst-cli\node_modules\winston-transport\modern.js:103:17)
    at doWrite (C:\Users\jinit\AppData\Roaming\npm\node_modules\zcatalyst-cli\node_modules\winston-transport\node_modules\readable-stream\lib\_stream_writable.js:390:139)
    at writeOrBuffer (C:\Users\jinit\AppData\Roaming\npm\node_modules\zcatalyst-cli\node_modules\winston-transport\node_modules\readable-stream\lib\_stream_writable.js:381:5)
    at Writable.write (C:\Users\jinit\AppData\Roaming\npm\node_modules\zcatalyst-cli\node_modules\winston-transport\node_modules\readable-stream\lib\_stream_writable.js:302:11)
    at DerivedLogger.ondata (C:\Users\jinit\AppData\Roaming\npm\node_modules\zcatalyst-cli\node_modules\winston\node_modules\readable-stream\lib\_stream_readable.js:629:20)
[error] [2025-10-22T08:00:05.126Z] : × An unexpected error has occurred.
[debug] [2025-10-22T08:00:05.126Z] : Error Stack: CatalystError: An unexpected error has occurred.
    at exports.default (C:\Users\jinit\AppData\Roaming\npm\node_modules\zcatalyst-cli\lib\errorOut.js:19:17)
    at process.<anonymous> (C:\Users\jinit\AppData\Roaming\npm\node_modules\zcatalyst-cli\lib\bin\catalyst.js:87:28)
    at process.emit (node:events:531:35)
    at process._fatalException (node:internal/process/execution:155:25)
[debug] [2025-10-22T08:00:05.127Z] : Original Error: Error: EPIPE: broken pipe, write
    at Socket._write (node:internal/net:63:18)
    at writeOrBuffer (node:internal/streams/writable:572:12)
    at _write (node:internal/streams/writable:501:10)
    at Writable.write (node:internal/streams/writable:510:10)
    at Console.log (C:\Users\jinit\AppData\Roaming\npm\node_modules\zcatalyst-cli\node_modules\winston\lib\winston\transports\console.js:87:23)
    at Console._write (C:\Users\jinit\AppData\Roaming\npm\node_modules\zcatalyst-cli\node_modules\winston-transport\modern.js:103:17)
    at doWrite (C:\Users\jinit\AppData\Roaming\npm\node_modules\zcatalyst-cli\node_modules\winston-transport\node_modules\readable-stream\lib\_stream_writable.js:390:139)
    at writeOrBuffer (C:\Users\jinit\AppData\Roaming\npm\node_modules\zcatalyst-cli\node_modules\winston-transport\node_modules\readable-stream\lib\_stream_writable.js:381:5)
    at Writable.write (C:\Users\jinit\AppData\Roaming\npm\node_modules\zcatalyst-cli\node_modules\winston-transport\node_modules\readable-stream\lib\_stream_writable.js:302:11)
    at DerivedLogger.ondata (C:\Users\jinit\AppData\Roaming\npm\node_modules\zcatalyst-cli\node_modules\winston\node_modules\readable-stream\lib\_stream_readable.js:629:20)
[debug] [2025-10-22T08:00:05.127Z] : Error Status: 500
[info] [2025-10-22T08:00:05.127Z] : Kindly contact Catalyst support [support@zohocatalyst.com] if you need any further assistance
[debug] [2025-10-22T11:28:27.077Z] : 
[debug] [2025-10-22T11:28:27.081Z] : ----------------------------------------------------------------------
[debug] [2025-10-22T11:28:27.081Z] : Command:      C:\Program Files\nodejs\node.exe C:\Users\jinit\AppData\Roaming\npm\node_modules\zcatalyst-cli\lib\bin\catalyst.js deploy
[debug] [2025-10-22T11:28:27.081Z] : CLI Version:  1.20.2
[debug] [2025-10-22T11:28:27.082Z] : Platform:     win32
[debug] [2025-10-22T11:28:27.082Z] : Node Version: v22.19.0
[debug] [2025-10-22T11:28:27.082Z] : Time:         Wed Oct 22 2025 16:58:27 GMT+0530 (India Standard Time)
[debug] [2025-10-22T11:28:27.082Z] : ----------------------------------------------------------------------
[debug] [2025-10-22T11:28:27.082Z] : 
[debug] [2025-10-22T11:28:27.462Z] : > authorizing via signed-in user option
[debug] [2025-10-22T11:28:27.463Z] : > command requires scopes: ["ZohoCatalyst.projects.ALL","ZohoCatalyst.functions.ALL","ZohoCatalyst.webapp.ALL","ZohoCatalyst.appsail.Update"]
[debug] [2025-10-22T11:28:27.482Z] : > refreshing access token <
[debug] [2025-10-22T11:28:27.484Z] : >>>> HTTP REQUEST : POST https://accounts.zoho.com/oauth/v2/token 
<request body omitted>

[debug] [2025-10-22T11:28:28.970Z] : <<<< HTTP RESPONSE : 200
Response Headers: {"server":"ZGS","date":"Wed, 22 Oct 2025 11:28:31 GMT","content-type":"application/json;charset=UTF-8","content-length":"2362","connection":"keep-alive","cache-control":"no-store","x-content-type-options":"nosniff","pragma":"no-cache","x-frame-options":"SAMEORIGIN","vary":"accept-encoding","content-language":"en-US","strict-transport-security":"max-age=64072000; includeSubDomains; preload"}

[debug] [2025-10-22T11:28:29.000Z] : >>>> HTTP REQUEST : GET https://api.catalyst.zoho.com/baas/v1/project/28341000000013001 

[debug] [2025-10-22T11:28:30.266Z] : <<<< HTTP RESPONSE : 200
Response Headers: {"server":"ZGS","date":"Wed, 22 Oct 2025 11:28:33 GMT","content-type":"application/vnd.catalyst.v2+json","transfer-encoding":"chunked","connection":"keep-alive","x-content-type-options":"nosniff","cache-control":"private,no-cache,no-store,max-age=0,must-revalidate","pragma":"no-cache","expires":"Thu, 01 Jan 1970 00:00:00 GMT","x-frame-options":"DENY","strict-transport-security":"max-age=64072000; includeSubDomains; preload"}

[debug] [2025-10-22T11:28:30.268Z] : >>>> HTTP REQUEST : GET https://api.catalyst.zoho.com/baas/v1/project/28341000000013001/environment 

[debug] [2025-10-22T11:28:30.665Z] : <<<< HTTP RESPONSE : 200
Response Headers: {"server":"ZGS","date":"Wed, 22 Oct 2025 11:28:33 GMT","content-type":"application/vnd.catalyst.v2+json","transfer-encoding":"chunked","connection":"keep-alive","x-content-type-options":"nosniff","cache-control":"private,no-cache,no-store,max-age=0,must-revalidate","pragma":"no-cache","expires":"Thu, 01 Jan 1970 00:00:00 GMT","x-frame-options":"DENY","strict-transport-security":"max-age=64072000; includeSubDomains; preload"}

[debug] [2025-10-22T11:28:30.680Z] : >>>> HTTP REQUEST : GET https://api.catalyst.zoho.com/baas/v1/project/28341000000013001/function 
Query params: {"type":"basicio,event,cron,applogic,integration,browser_logic,job"}

[debug] [2025-10-22T11:28:31.179Z] : <<<< HTTP RESPONSE : 200
Response Headers: {"server":"ZGS","date":"Wed, 22 Oct 2025 11:28:33 GMT","content-type":"application/vnd.catalyst.v2+json","transfer-encoding":"chunked","connection":"keep-alive","x-content-type-options":"nosniff","cache-control":"private,no-cache,no-store,max-age=0,must-revalidate","pragma":"no-cache","expires":"Thu, 01 Jan 1970 00:00:00 GMT","x-frame-options":"DENY","strict-transport-security":"max-age=64072000; includeSubDomains; preload"}

[debug] [2025-10-22T11:28:31.493Z] : unknown eol undefined hence skipping check
[debug] [2025-10-22T11:28:31.494Z] : unknown eol undefined hence skipping check
[debug] [2025-10-22T11:28:31.494Z] : unknown eol undefined hence skipping check
[debug] [2025-10-22T11:28:31.494Z] : unknown eol undefined hence skipping check
[debug] [2025-10-22T11:28:31.494Z] : unknown eol undefined hence skipping check
[debug] [2025-10-22T11:28:31.495Z] : unknown eol undefined hence skipping check
[debug] [2025-10-22T11:28:31.495Z] : unknown eol undefined hence skipping check
[debug] [2025-10-22T11:28:31.495Z] : unknown eol undefined hence skipping check
[debug] [2025-10-22T11:28:31.496Z] : unknown eol undefined hence skipping check
[debug] [2025-10-22T11:28:31.496Z] : unknown eol undefined hence skipping check
[debug] [2025-10-22T11:28:31.496Z] : unknown eol undefined hence skipping check
[debug] [2025-10-22T11:28:31.496Z] : unknown eol undefined hence skipping check
[debug] [2025-10-22T11:28:31.497Z] : unknown eol undefined hence skipping check
[debug] [2025-10-22T11:28:31.497Z] : unknown eol undefined hence skipping check
[debug] [2025-10-22T11:28:31.497Z] : unknown eol undefined hence skipping check
[debug] [2025-10-22T11:28:31.497Z] : unknown eol undefined hence skipping check
[debug] [2025-10-22T11:28:31.498Z] : unknown eol undefined hence skipping check
[debug] [2025-10-22T11:28:31.498Z] : unknown eol undefined hence skipping check
[debug] [2025-10-22T11:28:31.498Z] : unknown eol undefined hence skipping check
[debug] [2025-10-22T11:28:31.498Z] : unknown eol undefined hence skipping check
[debug] [2025-10-22T11:28:31.498Z] : unknown eol undefined hence skipping check
[debug] [2025-10-22T11:28:31.499Z] : unknown eol undefined hence skipping check
[debug] [2025-10-22T11:28:31.499Z] : unknown eol undefined hence skipping check
[debug] [2025-10-22T11:28:31.499Z] : unknown eol undefined hence skipping check
[debug] [2025-10-22T11:28:31.499Z] : unknown eol undefined hence skipping check
[debug] [2025-10-22T11:28:31.499Z] : unknown eol undefined hence skipping check
[debug] [2025-10-22T11:28:31.500Z] : unknown eol undefined hence skipping check
[error] [2025-10-22T11:30:29.835Z] : uncaughtException: EMFILE: too many open files, open 'C:\Users\jinit\AppData\Local\Temp\.catalyst\regulationsbulk_function.zip'
Error: EMFILE: too many open files, open 'C:\Users\jinit\AppData\Local\Temp\.catalyst\regulationsbulk_function.zip'
[error] [2025-10-22T11:30:29.837Z] : × An unexpected error has occurred.
[debug] [2025-10-22T11:30:29.838Z] : Error Stack: CatalystError: An unexpected error has occurred.
    at exports.default (C:\Users\jinit\AppData\Roaming\npm\node_modules\zcatalyst-cli\lib\errorOut.js:19:17)
    at process.<anonymous> (C:\Users\jinit\AppData\Roaming\npm\node_modules\zcatalyst-cli\lib\bin\catalyst.js:87:28)
    at process.emit (node:events:531:35)
    at process._fatalException (node:internal/process/execution:155:25)
[debug] [2025-10-22T11:30:29.838Z] : Original Error: Error: EMFILE: too many open files, open 'C:\Users\jinit\AppData\Local\Temp\.catalyst\regulationsbulk_function.zip'
[debug] [2025-10-22T11:30:29.838Z] : Error Status: 500
[info] [2025-10-22T11:30:29.838Z] : Kindly contact Catalyst support [support@zohocatalyst.com] if you need any further assistance
